// Jest Snapshot v1, https://goo.gl/fbAQLP

exports[`Blog Post renders correctly 1`] = `
<div>
  <div>
    loading
  </div>
</div>
`;
