// Jest Snapshot v1, https://goo.gl/fbAQLP

exports[`Test Loading Bar Loading Bar renders correctly 1`] = `
<div
  className="loading-bar__container"
>
  <p>
    Loading...
  </p>
  <div
    className="loading-bar"
  />
</div>
`;
