// Jest Snapshot v1, https://goo.gl/fbAQLP

exports[`LoginForm renders correctly 1`] = `
<div>
  <div
    className="login-header-container"
  >
    <h2
      className="login-form-header"
    >
      Login
    </h2>
    <p>
      Login to Your Account.
    </p>
  </div>
  <form
    className="user-login-form display-form"
    onSubmit={[Function]}
  >
    <div
      className="md-form"
    >
      
      <input
        aria-disabled={false}
        className="form-control"
        data-test="input"
        disabled={false}
        id="login-email"
        name="login-email"
        onBlur={[Function]}
        onChange={[Function]}
        onFocus={[Function]}
        onInput={[Function]}
        required={true}
        type="email"
        value=""
      />
      <label
        aria-labelledby=""
        className=""
        data-error=""
        data-success=""
        htmlFor="login-email"
        id=""
        onClick={[Function]}
      >
        email
      </label>
    </div>
    <div
      className="md-form"
    >
      
      <input
        aria-disabled={false}
        className="form-control"
        data-test="input"
        disabled={false}
        id="login-password"
        minLength="8"
        name="login-password"
        onBlur={[Function]}
        onChange={[Function]}
        onFocus={[Function]}
        onInput={[Function]}
        required={true}
        type="password"
        value=""
      />
      <label
        aria-labelledby=""
        className=""
        data-error=""
        data-success=""
        htmlFor="login-password"
        id=""
        onClick={[Function]}
      >
        password
      </label>
    </div>
    <button
      className="btn-elegant btn-outline-elegant btn Ripple-parent"
      data-test="button"
      onMouseUp={[Function]}
      onTouchStart={[Function]}
      type="submit"
    >
      Login 
      <i
        className="fa fa-sign-in-alt"
        data-test="fa"
      />
      <div
        className="Ripple Ripple-outline "
        data-test="waves"
        style={
          Object {
            "height": "0px",
            "left": "0px",
            "top": "0px",
            "width": "0px",
          }
        }
      />
    </button>
  </form>
</div>
`;
