// Jest Snapshot v1, https://goo.gl/fbAQLP

exports[`ForgotPasswordForm Page renders correctly 1`] = `
<div>
  <div
    className="forgot-password-header-container"
  >
    <h2
      className="forgot-password-header"
    >
      Forgot Your Password?
    </h2>
    <p>
      Please submit your email.
    </p>
    <p>
      We will send you an email to confirm it's you. Click the link in the email to reset your password.
    </p>
  </div>
  <form
    className="forgot-password-form display-form"
    onSubmit={[Function]}
  >
    <div
      className="md-form"
    >
      
      <input
        aria-disabled={false}
        className="form-control"
        data-test="input"
        disabled={false}
        id="forgot-password-email"
        name="forgot-password-email"
        onBlur={[Function]}
        onChange={[Function]}
        onFocus={[Function]}
        onInput={[Function]}
        required={true}
        type="email"
        value=""
      />
      <label
        aria-labelledby=""
        className=""
        data-error=""
        data-success=""
        htmlFor="forgot-password-email"
        id=""
        onClick={[Function]}
      >
        email
      </label>
    </div>
    <button
      className="btn-elegant btn-outline-elegant btn Ripple-parent"
      data-test="button"
      onMouseUp={[Function]}
      onTouchStart={[Function]}
      type="submit"
    >
      Reset Password 
      <i
        className="far fa-paper-plane"
        data-test="fa"
      />
      <div
        className="Ripple Ripple-outline "
        data-test="waves"
        style={
          Object {
            "height": "0px",
            "left": "0px",
            "top": "0px",
            "width": "0px",
          }
        }
      />
    </button>
  </form>
</div>
`;
