// Jest Snapshot v1, https://goo.gl/fbAQLP

exports[`Footer renders correctly 1`] = `
<footer
  className="page-footer font-small pt-4 mt-4 footer"
  data-test="footer"
>
  <div
    className="container-fluid text-center text-md-left"
    data-test="container"
  >
    <div
      className="row"
      data-test="row"
    >
      <div
        className="col-md-6"
        data-test="col"
      >
        <h5
          className="title"
        >
          City Walks is...
        </h5>
        <p>
          (City Walks description)
        </p>
      </div>
      <div
        className="col-md-3"
        data-test="col"
      >
        <h5
          className="title"
        >
          Site Links
        </h5>
        <ul
          className="footer-ul"
        >
          <li
            className="list-unstyled"
          >
            <a
              href="/"
              onClick={[Function]}
            >
              Home
            </a>
          </li>
          <li
            className="list-unstyled"
          >
            <a
              href="/cities"
              onClick={[Function]}
            >
              Cities
            </a>
          </li>
          <li
            className="list-unstyled"
          >
            <a
              href="/walks"
              onClick={[Function]}
            >
              Walks
            </a>
          </li>
          <li
            className="list-unstyled"
          >
            <a
              href="/about"
              onClick={[Function]}
            >
              About
            </a>
          </li>
          <li
            className="list-unstyled"
          >
            <a
              href="/blog"
              onClick={[Function]}
            >
              Blog
            </a>
          </li>
          <li
            className="list-unstyled"
          >
            <a
              href="/contact"
              onClick={[Function]}
            >
              Contact
            </a>
          </li>
          <li
            className="list-unstyled"
          >
            <a
              href="/boards"
              onClick={[Function]}
            >
              User Login
            </a>
          </li>
        </ul>
      </div>
      <div
        className="col-md-3"
        data-test="col"
      >
        <h5
          className="title"
        >
          Extra Links
        </h5>
        <ul
          className="footer-ul"
        >
          <li
            className="list-unstyled"
          >
            <a
              href="/admin"
              onClick={[Function]}
            >
              Admin portal
            </a>
          </li>
          <li
            className="list-unstyled"
          >
            <a
              href="/privacy"
              onClick={[Function]}
            >
              Privacy Policy
            </a>
          </li>
        </ul>
      </div>
    </div>
  </div>
  <div
    className="footer-copyright text-center py-3"
  >
    <div
      className="container-fluid"
      data-test="container"
    >
      Â© 
      2021
       Copyright
    </div>
  </div>
</footer>
`;
