// Jest Snapshot v1, https://goo.gl/fbAQLP

exports[`PopUp renders correctly 1`] = `
<div
  className="popup-container-cookies"
>
  <div
    className="popup-cookies"
  >
    <p>
      To make City Walks work, we log user data. By using City Walks, you agree to our 
      <a
        href="/privacy"
        onClick={[Function]}
      >
        Privacy Policy
      </a>
      , including cookie policy.
    </p>
    <button
      className="btn-default btn Ripple-parent"
      data-test="button"
      onClick={[Function]}
      onMouseUp={[Function]}
      onTouchStart={[Function]}
      type="button"
    >
      Accept
      <div
        className="Ripple "
        data-test="waves"
        style={
          Object {
            "height": "0px",
            "left": "0px",
            "top": "0px",
            "width": "0px",
          }
        }
      />
    </button>
  </div>
</div>
`;
