// Jest Snapshot v1, https://goo.gl/fbAQLP

exports[`Walks Page renders correctly 1`] = `
<div
  className="min-page-height"
>
  <div
    className="page-heading-container"
  >
    <h1
      className="page-heading"
    >
      Walks
    </h1>
    <button
      className="btn-elegant btn-outline-elegant btn Ripple-parent city-card-btn"
      data-test="button"
      onClick={[Function]}
      onMouseUp={[Function]}
      onTouchStart={[Function]}
      type="button"
    >
      Show all walks
      <div
        className="Ripple Ripple-outline "
        data-test="waves"
        style={
          Object {
            "height": "0px",
            "left": "0px",
            "top": "0px",
            "width": "0px",
          }
        }
      />
    </button>
    <p
      className="walks-search-icon"
      data-testid="walks-search-icon"
    >
      <svg
        className="search-location-icon"
        fill="currentColor"
        height="1em"
        stroke="currentColor"
        strokeWidth="0"
        style={
          Object {
            "color": undefined,
          }
        }
        viewBox="0 0 512 512"
        width="1em"
        xmlns="http://www.w3.org/2000/svg"
      >
        <path
          d="M505.04 442.66l-99.71-99.69c-4.5-4.5-10.6-7-17-7h-16.3c27.6-35.3 44-79.69 44-127.99C416.03 93.09 322.92 0 208.02 0S0 93.09 0 207.98s93.11 207.98 208.02 207.98c48.3 0 92.71-16.4 128.01-44v16.3c0 6.4 2.5 12.5 7 17l99.71 99.69c9.4 9.4 24.6 9.4 33.9 0l28.3-28.3c9.4-9.4 9.4-24.59.1-33.99zm-297.02-90.7c-79.54 0-144-64.34-144-143.98 0-79.53 64.35-143.98 144-143.98 79.54 0 144 64.34 144 143.98 0 79.53-64.35 143.98-144 143.98zm.02-239.96c-40.78 0-73.84 33.05-73.84 73.83 0 32.96 48.26 93.05 66.75 114.86a9.24 9.24 0 0 0 14.18 0c18.49-21.81 66.75-81.89 66.75-114.86 0-40.78-33.06-73.83-73.84-73.83zm0 96c-13.26 0-24-10.75-24-24 0-13.26 10.75-24 24-24s24 10.74 24 24c0 13.25-10.75 24-24 24z"
        />
      </svg>
        
    </p>
  </div>
  <div
    className="card-container"
  >
    <div
      className="col"
      data-test="col"
    >
      <div
        className="card walk-card"
        data-test="card"
      >
        <div
          className="view"
          data-test="view"
          onMouseDown={[Function]}
          onTouchStart={[Function]}
          style={Object {}}
        >
          <div
            className="Ripple-parent"
            onMouseDown={[Function]}
            style={
              Object {
                "touchAction": "unset",
              }
            }
          >
            <img
              alt="Fulham"
              className="cutter img-fluid"
              data-test="card-image"
              src="https://upload.wikimedia.org/wikipedia/commons/thumb/5/5b/Fulham_Palace_courtyard_-_geograph.org.uk_-_835758.jpg/360px-Fulham_Palace_courtyard_-_geograph.org.uk_-_835758.jpg"
            />
            <div
              className="mask rgba-white-slight"
              data-test="mask"
            />
            <div
              className="Ripple "
              data-test="waves"
              style={
                Object {
                  "height": "0px",
                  "left": "0px",
                  "top": "0px",
                  "width": "0px",
                }
              }
            />
          </div>
        </div>
        <div
          className="card-body"
          data-test="card-body"
        >
          <h4
            className="card-title"
            data-test="card-title"
          >
            London
          </h4>
          <h4
            className="card-title display-font"
            data-test="card-title"
          >
            Fulham
          </h4>
          <p
            className="card-text"
            data-test="card-text"
          >
            Fulham is an upmarket residential area known for trendy shopping streets like Kingâ€™s Road and Fulham Road.
          </p>
          <a
            href="/walks/fulham"
            onClick={[Function]}
          >
            <button
              className="btn-elegant btn-outline-elegant btn Ripple-parent city-card-btn"
              data-test="button"
              onMouseUp={[Function]}
              onTouchStart={[Function]}
              type="button"
            >
              Explore 
              <i
                className="fa fa-walking"
                data-test="fa"
              />
              <div
                className="Ripple Ripple-outline "
                data-test="waves"
                style={
                  Object {
                    "height": "0px",
                    "left": "0px",
                    "top": "0px",
                    "width": "0px",
                  }
                }
              />
            </button>
          </a>
        </div>
      </div>
    </div>
    <div
      className="col"
      data-test="col"
    >
      <div
        className="card walk-card"
        data-test="card"
      >
        <div
          className="view"
          data-test="view"
          onMouseDown={[Function]}
          onTouchStart={[Function]}
          style={Object {}}
        >
          <div
            className="Ripple-parent"
            onMouseDown={[Function]}
            style={
              Object {
                "touchAction": "unset",
              }
            }
          >
            <img
              alt="Richmond"
              className="cutter img-fluid"
              data-test="card-image"
              src="https://upload.wikimedia.org/wikipedia/commons/9/98/View_from_Richmond_Hill_Surrey_01.jpg"
            />
            <div
              className="mask rgba-white-slight"
              data-test="mask"
            />
            <div
              className="Ripple "
              data-test="waves"
              style={
                Object {
                  "height": "0px",
                  "left": "0px",
                  "top": "0px",
                  "width": "0px",
                }
              }
            />
          </div>
        </div>
        <div
          className="card-body"
          data-test="card-body"
        >
          <h4
            className="card-title"
            data-test="card-title"
          >
            London
          </h4>
          <h4
            className="card-title display-font"
            data-test="card-title"
          >
            Richmond
          </h4>
          <p
            className="card-text"
            data-test="card-text"
          >
            The latter half of this long but stunning river walk is not accessible at high tide, so check the tide tables at https://thames-path.com
          </p>
          <a
            href="/walks/richmond"
            onClick={[Function]}
          >
            <button
              className="btn-elegant btn-outline-elegant btn Ripple-parent city-card-btn"
              data-test="button"
              onMouseUp={[Function]}
              onTouchStart={[Function]}
              type="button"
            >
              Explore 
              <i
                className="fa fa-walking"
                data-test="fa"
              />
              <div
                className="Ripple Ripple-outline "
                data-test="waves"
                style={
                  Object {
                    "height": "0px",
                    "left": "0px",
                    "top": "0px",
                    "width": "0px",
                  }
                }
              />
            </button>
          </a>
        </div>
      </div>
    </div>
    <div
      className="col"
      data-test="col"
    >
      <div
        className="card walk-card"
        data-test="card"
      >
        <div
          className="view"
          data-test="view"
          onMouseDown={[Function]}
          onTouchStart={[Function]}
          style={Object {}}
        >
          <div
            className="Ripple-parent"
            onMouseDown={[Function]}
            style={
              Object {
                "touchAction": "unset",
              }
            }
          >
            <img
              alt="Camden"
              className="cutter img-fluid"
              data-test="card-image"
              src="https://upload.wikimedia.org/wikipedia/commons/6/6c/Camden_Town_9.jpg"
            />
            <div
              className="mask rgba-white-slight"
              data-test="mask"
            />
            <div
              className="Ripple "
              data-test="waves"
              style={
                Object {
                  "height": "0px",
                  "left": "0px",
                  "top": "0px",
                  "width": "0px",
                }
              }
            />
          </div>
        </div>
        <div
          className="card-body"
          data-test="card-body"
        >
          <h4
            className="card-title"
            data-test="card-title"
          >
            London
          </h4>
          <h4
            className="card-title display-font"
            data-test="card-title"
          >
            Camden
          </h4>
          <p
            className="card-text"
            data-test="card-text"
          >
            Camden is notorious for its lively markets, which surge with thousands of shoppers - most of them pierced - each weekend.
          </p>
          <a
            href="/walks/camden"
            onClick={[Function]}
          >
            <button
              className="btn-elegant btn-outline-elegant btn Ripple-parent city-card-btn"
              data-test="button"
              onMouseUp={[Function]}
              onTouchStart={[Function]}
              type="button"
            >
              Explore 
              <i
                className="fa fa-walking"
                data-test="fa"
              />
              <div
                className="Ripple Ripple-outline "
                data-test="waves"
                style={
                  Object {
                    "height": "0px",
                    "left": "0px",
                    "top": "0px",
                    "width": "0px",
                  }
                }
              />
            </button>
          </a>
        </div>
      </div>
    </div>
    <div
      className="col"
      data-test="col"
    >
      <div
        className="card walk-card"
        data-test="card"
      >
        <div
          className="view"
          data-test="view"
          onMouseDown={[Function]}
          onTouchStart={[Function]}
          style={Object {}}
        >
          <div
            className="Ripple-parent"
            onMouseDown={[Function]}
            style={
              Object {
                "touchAction": "unset",
              }
            }
          >
            <img
              alt="Wimbledon Common"
              className="cutter img-fluid"
              data-test="card-image"
              src="https://images.unsplash.com/photo-1595514824941-32dddb85a383?ixid=MXwxMjA3fDB8MHxzZWFyY2h8N3x8d2ltYmxlZG9ufGVufDB8fDB8&ixlib=rb-1.2.1&auto=format&fit=crop&w=600&q=60"
            />
            <div
              className="mask rgba-white-slight"
              data-test="mask"
            />
            <div
              className="Ripple "
              data-test="waves"
              style={
                Object {
                  "height": "0px",
                  "left": "0px",
                  "top": "0px",
                  "width": "0px",
                }
              }
            />
          </div>
        </div>
        <div
          className="card-body"
          data-test="card-body"
        >
          <h4
            className="card-title"
            data-test="card-title"
          >
            London
          </h4>
          <h4
            className="card-title display-font"
            data-test="card-title"
          >
            Wimbledon Common
          </h4>
          <p
            className="card-text"
            data-test="card-text"
          >
            Home to a windmill and the famous tennis complex, Wimbledon is worth a visit even when there's no one on Centre Court.
          </p>
          <a
            href="/walks/wimbledon-common"
            onClick={[Function]}
          >
            <button
              className="btn-elegant btn-outline-elegant btn Ripple-parent city-card-btn"
              data-test="button"
              onMouseUp={[Function]}
              onTouchStart={[Function]}
              type="button"
            >
              Explore 
              <i
                className="fa fa-walking"
                data-test="fa"
              />
              <div
                className="Ripple Ripple-outline "
                data-test="waves"
                style={
                  Object {
                    "height": "0px",
                    "left": "0px",
                    "top": "0px",
                    "width": "0px",
                  }
                }
              />
            </button>
          </a>
        </div>
      </div>
    </div>
    <div
      className="col"
      data-test="col"
    >
      <div
        className="card walk-card"
        data-test="card"
      >
        <div
          className="view"
          data-test="view"
          onMouseDown={[Function]}
          onTouchStart={[Function]}
          style={Object {}}
        >
          <div
            className="Ripple-parent"
            onMouseDown={[Function]}
            style={
              Object {
                "touchAction": "unset",
              }
            }
          >
            <img
              alt="Embankment"
              className="cutter img-fluid"
              data-test="card-image"
              src="https://images.pexels.com/photos/415992/pexels-photo-415992.jpeg?auto=compress&cs=tinysrgb&dpr=2&h=750&w=1260"
            />
            <div
              className="mask rgba-white-slight"
              data-test="mask"
            />
            <div
              className="Ripple "
              data-test="waves"
              style={
                Object {
                  "height": "0px",
                  "left": "0px",
                  "top": "0px",
                  "width": "0px",
                }
              }
            />
          </div>
        </div>
        <div
          className="card-body"
          data-test="card-body"
        >
          <h4
            className="card-title"
            data-test="card-title"
          >
            London
          </h4>
          <h4
            className="card-title display-font"
            data-test="card-title"
          >
            Embankment
          </h4>
          <p
            className="card-text"
            data-test="card-text"
          >
            Stroll from the Thames past the finest secondhand bookshops and into the nation's Portrait Gallery.
          </p>
          <a
            href="/walks/embankment"
            onClick={[Function]}
          >
            <button
              className="btn-elegant btn-outline-elegant btn Ripple-parent city-card-btn"
              data-test="button"
              onMouseUp={[Function]}
              onTouchStart={[Function]}
              type="button"
            >
              Explore 
              <i
                className="fa fa-walking"
                data-test="fa"
              />
              <div
                className="Ripple Ripple-outline "
                data-test="waves"
                style={
                  Object {
                    "height": "0px",
                    "left": "0px",
                    "top": "0px",
                    "width": "0px",
                  }
                }
              />
            </button>
          </a>
        </div>
      </div>
    </div>
    <div
      className="col"
      data-test="col"
    >
      <div
        className="card walk-card"
        data-test="card"
      >
        <div
          className="view"
          data-test="view"
          onMouseDown={[Function]}
          onTouchStart={[Function]}
          style={Object {}}
        >
          <div
            className="Ripple-parent"
            onMouseDown={[Function]}
            style={
              Object {
                "touchAction": "unset",
              }
            }
          >
            <img
              alt="Crouch End"
              className="cutter img-fluid"
              data-test="card-image"
              src="https://upload.wikimedia.org/wikipedia/commons/e/e5/Crouch_End_20_Sept_2011.jpg"
            />
            <div
              className="mask rgba-white-slight"
              data-test="mask"
            />
            <div
              className="Ripple "
              data-test="waves"
              style={
                Object {
                  "height": "0px",
                  "left": "0px",
                  "top": "0px",
                  "width": "0px",
                }
              }
            />
          </div>
        </div>
        <div
          className="card-body"
          data-test="card-body"
        >
          <h4
            className="card-title"
            data-test="card-title"
          >
            London
          </h4>
          <h4
            className="card-title display-font"
            data-test="card-title"
          >
            Crouch End
          </h4>
          <p
            className="card-text"
            data-test="card-text"
          >
            A quiet nature trail and a funky neighbourhood full of boutique shops await those who make this journey to North London.
          </p>
          <a
            href="/walks/crouch-end"
            onClick={[Function]}
          >
            <button
              className="btn-elegant btn-outline-elegant btn Ripple-parent city-card-btn"
              data-test="button"
              onMouseUp={[Function]}
              onTouchStart={[Function]}
              type="button"
            >
              Explore 
              <i
                className="fa fa-walking"
                data-test="fa"
              />
              <div
                className="Ripple Ripple-outline "
                data-test="waves"
                style={
                  Object {
                    "height": "0px",
                    "left": "0px",
                    "top": "0px",
                    "width": "0px",
                  }
                }
              />
            </button>
          </a>
        </div>
      </div>
    </div>
  </div>
</div>
`;
