// Jest Snapshot v1, https://goo.gl/fbAQLP

exports[`About Page renders correctly 1`] = `
<div>
  <div
    className="page-heading-container min-page-height"
  >
    <h1
      className="page-heading"
    >
      About
    </h1>
  </div>
</div>
`;
