// Jest Snapshot v1, https://goo.gl/fbAQLP

exports[`Nav renders correctly 1`] = `
<div
  className="container nav-container"
  data-test="container"
>
  <nav
    className="navbar-dark navbar navbar-expand-md nav-bar"
    data-test="navbar"
    role="navigation"
  >
    <div
      className="navbar-brand"
      data-test="navbar-brand"
    >
      <b
        className="white-text"
      >
        <a
          aria-current="page"
          className="nav-link Ripple-parent white-text logo active"
          data-test="nav-link"
          href="/"
          onClick={[Function]}
          onMouseUp={[Function]}
          onTouchStart={[Function]}
          style={Object {}}
        >
          City Walks
          <div
            className="Ripple "
            data-test="waves"
            style={
              Object {
                "height": "0px",
                "left": "0px",
                "top": "0px",
                "width": "0px",
              }
            }
          />
        </a>
      </b>
    </div>
    <input
      className="hamburger-button__checkbox"
      data-test="hamburger-toggler"
      defaultChecked={false}
      id="hamburger1"
      onChange={[Function]}
      type="checkbox"
    />
    <label
      className="hamburger-button__button hamburger1"
      htmlFor="hamburger1"
      id="nav-icon1"
    >
      <span
        style={
          Object {
            "background": "#fff",
          }
        }
      />
      <span
        style={
          Object {
            "background": "#fff",
          }
        }
      />
      <span
        style={
          Object {
            "background": "#fff",
          }
        }
      />
    </label>
    <div
      className="collapse navbar-collapse"
      data-test="collapse"
      id="navbarCollapse3"
      style={Object {}}
    >
      <ul
        className="navbar-nav mr-auto"
        data-test="navbar-nav"
      >
        <li
          className="nav-item"
          data-test="nav-item"
        >
          <a
            aria-current="page"
            className="nav-link Ripple-parent white-text active"
            data-test="nav-link"
            href="/"
            onClick={[Function]}
            onMouseUp={[Function]}
            onTouchStart={[Function]}
            style={Object {}}
          >
            Home
            <div
              className="Ripple "
              data-test="waves"
              style={
                Object {
                  "height": "0px",
                  "left": "0px",
                  "top": "0px",
                  "width": "0px",
                }
              }
            />
          </a>
        </li>
        <li
          className="nav-item"
          data-test="nav-item"
        >
          <a
            aria-current={null}
            className="nav-link Ripple-parent white-text"
            data-test="nav-link"
            data-testid="nav-link-cities"
            href="/cities"
            onClick={[Function]}
            onMouseUp={[Function]}
            onTouchStart={[Function]}
          >
            Cities
            <div
              className="Ripple "
              data-test="waves"
              style={
                Object {
                  "height": "0px",
                  "left": "0px",
                  "top": "0px",
                  "width": "0px",
                }
              }
            />
          </a>
        </li>
        <li
          className="nav-item"
          data-test="nav-item"
        >
          <a
            aria-current={null}
            className="nav-link Ripple-parent white-text"
            data-test="nav-link"
            href="/walks"
            onClick={[Function]}
            onMouseUp={[Function]}
            onTouchStart={[Function]}
          >
            Walks
            <div
              className="Ripple "
              data-test="waves"
              style={
                Object {
                  "height": "0px",
                  "left": "0px",
                  "top": "0px",
                  "width": "0px",
                }
              }
            />
          </a>
        </li>
        <li
          className="nav-item"
          data-test="nav-item"
        >
          <a
            aria-current={null}
            className="nav-link Ripple-parent white-text"
            data-test="nav-link"
            href="/blog"
            onClick={[Function]}
            onMouseUp={[Function]}
            onTouchStart={[Function]}
          >
            Blog
            <div
              className="Ripple "
              data-test="waves"
              style={
                Object {
                  "height": "0px",
                  "left": "0px",
                  "top": "0px",
                  "width": "0px",
                }
              }
            />
          </a>
        </li>
        <li
          className="nav-item"
          data-test="nav-item"
        >
          <a
            aria-current={null}
            className="nav-link Ripple-parent white-text"
            data-test="nav-link"
            href="/boards"
            onClick={[Function]}
            onMouseUp={[Function]}
            onTouchStart={[Function]}
          >
            Forum
            <div
              className="Ripple "
              data-test="waves"
              style={
                Object {
                  "height": "0px",
                  "left": "0px",
                  "top": "0px",
                  "width": "0px",
                }
              }
            />
          </a>
        </li>
        <li
          className="nav-item"
          data-test="nav-item"
        >
          <a
            aria-current={null}
            className="nav-link Ripple-parent white-text"
            data-test="nav-link"
            href="/about"
            onClick={[Function]}
            onMouseUp={[Function]}
            onTouchStart={[Function]}
          >
            About
            <div
              className="Ripple "
              data-test="waves"
              style={
                Object {
                  "height": "0px",
                  "left": "0px",
                  "top": "0px",
                  "width": "0px",
                }
              }
            />
          </a>
        </li>
        <li
          className="nav-item"
          data-test="nav-item"
        >
          <a
            aria-current={null}
            className="nav-link Ripple-parent white-text"
            data-test="nav-link"
            href="/contact"
            onClick={[Function]}
            onMouseUp={[Function]}
            onTouchStart={[Function]}
          >
            Contact
            <div
              className="Ripple "
              data-test="waves"
              style={
                Object {
                  "height": "0px",
                  "left": "0px",
                  "top": "0px",
                  "width": "0px",
                }
              }
            />
          </a>
        </li>
      </ul>
      <ul
        className="navbar-nav ml-auto"
        data-test="navbar-nav"
      >
        <li
          className="nav-item"
          data-test="nav-item"
        >
          <form
            onSubmit={[Function]}
          >
            <span
              className="search-container"
              style={
                Object {
                  "marginRight": "40px",
                }
              }
            >
              <div
                className="md-form"
              >
                
                <input
                  aria-disabled={false}
                  className="form-control"
                  data-test="input"
                  data-testid="search-input"
                  disabled={false}
                  id="search-input"
                  name="search-input"
                  onBlur={[Function]}
                  onChange={[Function]}
                  onFocus={[Function]}
                  onInput={[Function]}
                  type="text"
                  value=""
                />
                <label
                  aria-labelledby=""
                  className=""
                  data-error=""
                  data-success=""
                  htmlFor="search-input"
                  id=""
                  onClick={[Function]}
                >
                  Search
                </label>
              </div>
              <button
                className="search-btn"
                data-testid="search-btn"
                type="submit"
              >
                <svg
                  className="search-location-icon"
                  fill="currentColor"
                  height="1em"
                  id="search-btn-icon"
                  stroke="currentColor"
                  strokeWidth="0"
                  style={
                    Object {
                      "color": undefined,
                    }
                  }
                  viewBox="0 0 512 512"
                  width="1em"
                  xmlns="http://www.w3.org/2000/svg"
                >
                  <path
                    d="M505.04 442.66l-99.71-99.69c-4.5-4.5-10.6-7-17-7h-16.3c27.6-35.3 44-79.69 44-127.99C416.03 93.09 322.92 0 208.02 0S0 93.09 0 207.98s93.11 207.98 208.02 207.98c48.3 0 92.71-16.4 128.01-44v16.3c0 6.4 2.5 12.5 7 17l99.71 99.69c9.4 9.4 24.6 9.4 33.9 0l28.3-28.3c9.4-9.4 9.4-24.59.1-33.99zm-297.02-90.7c-79.54 0-144-64.34-144-143.98 0-79.53 64.35-143.98 144-143.98 79.54 0 144 64.34 144 143.98 0 79.53-64.35 143.98-144 143.98zm.02-239.96c-40.78 0-73.84 33.05-73.84 73.83 0 32.96 48.26 93.05 66.75 114.86a9.24 9.24 0 0 0 14.18 0c18.49-21.81 66.75-81.89 66.75-114.86 0-40.78-33.06-73.83-73.84-73.83zm0 96c-13.26 0-24-10.75-24-24 0-13.26 10.75-24 24-24s24 10.74 24 24c0 13.25-10.75 24-24 24z"
                  />
                </svg>
              </button>
            </span>
          </form>
        </li>
      </ul>
    </div>
  </nav>
</div>
`;
