// Jest Snapshot v1, https://goo.gl/fbAQLP

exports[`Test LocatorMap LocatorMap renders correctly 1`] = `
<div
  className="locator-map"
/>
`;
