// Jest Snapshot v1, https://goo.gl/fbAQLP

exports[`Walk renders correctly 1`] = `
<div
  data-testid="walk-page"
>
  <div
    className="min-page-height center"
  >
    loading
  </div>
</div>
`;
