// Jest Snapshot v1, https://goo.gl/fbAQLP

exports[`DeleteCityForm Page renders correctly 1`] = `
<div>
  <h2>
    Delete City
  </h2>
  <form
    className="delete-city-form"
    onSubmit={[Function]}
  >
    <div
      className="md-form"
    >
      
      <input
        aria-disabled={false}
        className="form-control"
        data-test="input"
        disabled={false}
        id="city"
        name="city"
        onBlur={[Function]}
        onChange={[Function]}
        onFocus={[Function]}
        onInput={[Function]}
        required={true}
        type="text"
        value=""
      />
      <label
        aria-labelledby=""
        className=""
        data-error=""
        data-success=""
        htmlFor="city"
        id=""
        onClick={[Function]}
      >
        city name
      </label>
    </div>
    <button
      className="btn-elegant btn-outline-elegant btn Ripple-parent"
      data-test="button"
      onMouseUp={[Function]}
      onTouchStart={[Function]}
      type="submit"
    >
      Delete City 
      <i
        className="fa fa-trash"
        data-test="fa"
      />
      <div
        className="Ripple Ripple-outline "
        data-test="waves"
        style={
          Object {
            "height": "0px",
            "left": "0px",
            "top": "0px",
            "width": "0px",
          }
        }
      />
    </button>
  </form>
</div>
`;
